======================================================================
CLIF Triage Agent ΓÇö Attack & Anomaly Smoke Test
======================================================================

[1/5] Baseline: 20 events already processed

[2/5] Producing 6 test events...
  BENIGN                         -> raw-logs             [OK]
  ANOMALY-EXFIL                  -> network-events       [OK]
  ATTACK-CREDENTIAL-DUMP         -> process-events       [OK]
  ATTACK-LATERAL-MOVEMENT        -> process-events       [OK]
  ATTACK-BRUTE-FORCE             -> security-events      [OK]
  ANOMALY-RARE-PROCESS           -> process-events       [OK]

[3/5] Waiting 8s for triage agent to process...
  Events processed: 20 -> 26 (+6)

[4/5] Querying triage_scores from ClickHouse...
  hostname              combined  adjusted    action    lgbm     eif     arf
  ------------------------------------------------------------------------
  newline-test            0.6207    0.6207   monitor  0.6705  0.4217  0.6567
  live-test               0.6145    0.6145   monitor  0.6663  0.4071  0.6567
  prod-api-01             0.4163    0.4163   monitor  0.4023  0.4706  0.9174
  dc-primary              0.9112    0.9112  escalate  0.9989  0.5604  0.9504
  rdp-gateway             0.8965    0.8965  escalate  0.9778  0.5711  0.9504
  db-srv-01               0.9556    0.9556  escalate  0.9548  0.9592  0.9453
  ws-finance-03           0.9100    0.9100  escalate  0.9974  0.5600  0.9453
  web-01                  0.7461    0.7461   monitor  0.8279  0.4183  0.9011
  prod-api-01             0.4163    0.4163   monitor  0.4023  0.4706  0.9011
  dc-primary              0.9123    0.9123  escalate  0.9989  0.5662  0.9370

  Summary: 5 escalated, 5 monitored, 0 discarded

[5/5] Checking hunter-tasks topic for escalated events...
  [OK] db-srv-01             score=0.9607  lgbm=0.961 eif=0.959 arf=0.931
  [OK] ws-finance-03         score=0.9111  lgbm=0.997 eif=0.566 arf=0.908
  [OK] bastion-01            score=0.9652  lgbm=0.999 eif=0.831 arf=0.787
  [OK] internal-cache        score=0.9932  lgbm=0.999 eif=0.970 arf=0.787
  [OK] db-srv-01             score=0.9644  lgbm=0.966 eif=0.958 arf=0.905
  [OK] ws-finance-03         score=0.9111  lgbm=0.997 eif=0.566 arf=0.859
  [OK] file-srv-01           score=0.9066  lgbm=0.936 eif=0.955 arf=0.808
  [OK] dc-primary            score=0.9112  lgbm=0.999 eif=0.560 arf=0.950
  [OK] rdp-gateway           score=0.8965  lgbm=0.978 eif=0.571 arf=0.950
  [OK] workstation-42        score=0.9001  lgbm=0.999 eif=0.570 arf=0.861

  hunter-tasks: 10 escalated events found

======================================================================
[PASS] Triage agent processes attacks & anomalies,
       escalates high-risk events, and publishes to hunter-tasks.
       ClickHouse: 5 escalated + 5 monitored
       hunter-tasks: 10 events ready for Hunter Agent
======================================================================
